laure@Laurenslaptop MINGW64 ~
$ cd IH-labs

laure@Laurenslaptop MINGW64 ~/IH-labs
$ cd lab-bash

laure@Laurenslaptop MINGW64 ~/IH-labs/lab-bash (master)
$ ls
exercices/  firstday.txt  inputs/  lorem/  lorem-copy/  outputs/  readme.md

laure@Laurenslaptop MINGW64 ~/IH-labs/lab-bash (master)
$ echo "Hello world"
Hello world

laure@Laurenslaptop MINGW64 ~/IH-labs/lab-bash (master)
$ mkdir new_dir

laure@Laurenslaptop MINGW64 ~/IH-labs/lab-bash (master)
$ rm -r new_dir

laure@Laurenslaptop MINGW64 ~/IH-labs/lab-bash (master)
$ ls
exercices/  firstday.txt  inputs/  lorem/  lorem-copy/  outputs/  readme.md

laure@Laurenslaptop MINGW64 ~/IH-labs/lab-bash (master)
$ cd lorem

laure@Laurenslaptop MINGW64 ~/IH-labs/lab-bash/lorem (master)
$ ls
at.txt  at.txte  lorem-copy  lorem.txt  sed.txt

laure@Laurenslaptop MINGW64 ~/IH-labs/lab-bash/lorem (master)
$ cd lorem-copy
bash: cd: lorem-copy: Not a directory

laure@Laurenslaptop MINGW64 ~/IH-labs/lab-bash/lorem (master)
$ cd ..

laure@Laurenslaptop MINGW64 ~/IH-labs/lab-bash (master)
$ ls
exercices/  firstday.txt  inputs/  lorem/  lorem-copy/  outputs/  readme.md

laure@Laurenslaptop MINGW64 ~/IH-labs/lab-bash (master)
$ cd lorem-copy

laure@Laurenslaptop MINGW64 ~/IH-labs/lab-bash/lorem-copy (master)
$ pwd
/c/Users/laure/IH-labs/lab-bash/lorem-copy

laure@Laurenslaptop MINGW64 ~/IH-labs/lab-bash/lorem-copy (master)
$ cd ..

laure@Laurenslaptop MINGW64 ~/IH-labs/lab-bash (master)
$ cd lorem

laure@Laurenslaptop MINGW64 ~/IH-labs/lab-bash/lorem (master)
$ cp sed.txt /c/Users/laure/IH-labs/lab-bash/lorem-copy

laure@Laurenslaptop MINGW64 ~/IH-labs/lab-bash/lorem (master)
$ cd lorem-copy
bash: cd: lorem-copy: Not a directory

laure@Laurenslaptop MINGW64 ~/IH-labs/lab-bash/lorem (master)
$ ls
at.txt  at.txte  lorem-copy  lorem.txt  sed.txt

laure@Laurenslaptop MINGW64 ~/IH-labs/lab-bash/lorem (master)
$ cd lorem-copy
bash: cd: lorem-copy: Not a directory

laure@Laurenslaptop MINGW64 ~/IH-labs/lab-bash/lorem (master)
$ cd ..

laure@Laurenslaptop MINGW64 ~/IH-labs/lab-bash (master)
$ cd lorem-copy

laure@Laurenslaptop MINGW64 ~/IH-labs/lab-bash/lorem-copy (master)
$ ls
dummy_file.txt  sed.txt

laure@Laurenslaptop MINGW64 ~/IH-labs/lab-bash/lorem-copy (master)
$ cd ..

laure@Laurenslaptop MINGW64 ~/IH-labs/lab-bash (master)
$ cd lorem

laure@Laurenslaptop MINGW64 ~/IH-labs/lab-bash/lorem (master)
$ ls
at.txt  at.txte  lorem-copy  lorem.txt  sed.txt

laure@Laurenslaptop MINGW64 ~/IH-labs/lab-bash/lorem (master)
$ cp lorem.txt;lorem-copy /c/Users/laure/IH-labs/lab-bash/lorem-copy
cp: missing destination file operand after 'lorem.txt'
Try 'cp --help' for more information.
bash: lorem-copy: command not found

laure@Laurenslaptop MINGW64 ~/IH-labs/lab-bash/lorem (master)
$ cp at.txte /c/Users/laure/IH-labs/lab-bash/lorem-copy

laure@Laurenslaptop MINGW64 ~/IH-labs/lab-bash/lorem (master)
$ cp lorem.txt /c/Users/laure/IH-labs/lab-bash/lorem-copy

laure@Laurenslaptop MINGW64 ~/IH-labs/lab-bash/lorem (master)
$ ls
at.txt  at.txte  lorem-copy  lorem.txt  sed.txt

laure@Laurenslaptop MINGW64 ~/IH-labs/lab-bash/lorem (master)
$ cat sed.txt
Sed ut perspiciatis unde omnis iste natus error sit voluptatem accusantium doloremque laudantium,
totam rem aperiam, eaque ipsa quae ab illo inventore veritatis et quasi architecto beatae vitae dicta sunt explicabo.
Nemo enim ipsam voluptatem quia voluptas sit aspernatur aut odit aut fugit,
sed quia consequuntur magni dolores eos qui ratione voluptatem sequi nesciunt.
Neque porro quisquam est, qui dolorem ipsum quia dolor sit amet, consectetur, adipisci velit,
sed quia non numquam eius modi tempora incidunt ut labore et dolore magnam aliquam quaerat voluptatem.
Ut enim ad minima veniam, quis nostrum exercitationem ullam corporis suscipit laboriosam,
nisi ut aliquid ex ea commodi consequatur? Quis autem vel eum iure reprehenderit qui in ea voluptate velit esse quam nihil molestiae consequatur,
vel illum qui dolorem eum fugiat quo voluptas nulla pariatur?Homo homini lupus

laure@Laurenslaptop MINGW64 ~/IH-labs/lab-bash/lorem (master)
$ cp at.txt /c/Users/laure/IH-labs/lab-bash/lorem-copy

laure@Laurenslaptop MINGW64 ~/IH-labs/lab-bash/lorem (master)
$ cat at.txt lorem.txt
At vero eos ET accusamus ET iusto odio dignissimos ducimus qui blanditiis praesentium voluptatum
deleniti atque corrupti quos dolores ET quas molestias excepturi sint occaecati cupiditate non
provident, similique sunt in culpa qui officia deserunt mollitia animi, id est laborum ET dolorum fuga.
Et harum quidem rerum facilis est ET expedita distinctio.
Nam libero tempore, cum soluta nobis est eligendi optio cumque nihil impedit quo minus id quod
maxime placeat facere possimus, omnis voluptas assumenda est, omnis dolor repellendus.
Temporibus autem quibusdam ET aut officiis debitis aut rerum necessitatibus saepe eveniET
ut ET voluptates repudiandae sint ET molestiae non recusandae.
Itaque earum rerum hic tenETur a sapiente delectus, ut aut reiciendis voluptatibus maiores
alias consequatur aut perferendis doloribus asperiores repellat
Lorem ipsum dolor sit amet, consectetur adipiscing elit, sed do eiusmod tempor incididunt ut labore et dolore magna aliqua.
Ut enim ad minim veniam, quis nostrud exercitation ullamco laboris nisi ut aliquip ex ea commodo consequat.
Duis aute irure dolor in reprehenderit in voluptate velit esse cillum dolore eu fugiat nulla pariatur.
Excepteur sint occaecat cupidatat non proident, sunt in culpa qui officia deserunt mollit anim id est laborum.
laure@Laurenslaptop MINGW64 ~/IH-labs/lab-bash/lorem (master)
$ cd lorem-copy
bash: cd: lorem-copy: Not a directory

laure@Laurenslaptop MINGW64 ~/IH-labs/lab-bash/lorem (master)
$ cd ..

laure@Laurenslaptop MINGW64 ~/IH-labs/lab-bash (master)
$ cd lorem-copy

laure@Laurenslaptop MINGW64 ~/IH-labs/lab-bash/lorem-copy (master)
$ print sed.txt
Unable to initialize device PRN

laure@Laurenslaptop MINGW64 ~/IH-labs/lab-bash/lorem-copy (master)
$ echo sed.txt
sed.txt

laure@Laurenslaptop MINGW64 ~/IH-labs/lab-bash/lorem-copy (master)
$ while read sed.txt <&3
> cat sed.txt
> ^C

laure@Laurenslaptop MINGW64 ~/IH-labs/lab-bash/lorem-copy (master)
$ cat sed.txt
Sed ut perspiciatis unde omnis iste natus error sit voluptatem accusantium doloremque laudantium,
totam rem aperiam, eaque ipsa quae ab illo inventore veritatis et quasi architecto beatae vitae dicta sunt explicabo.
Nemo enim ipsam voluptatem quia voluptas sit aspernatur aut odit aut fugit,
sed quia consequuntur magni dolores eos qui ratione voluptatem sequi nesciunt.
Neque porro quisquam est, qui dolorem ipsum quia dolor sit amet, consectetur, adipisci velit,
sed quia non numquam eius modi tempora incidunt ut labore et dolore magnam aliquam quaerat voluptatem.
Ut enim ad minima veniam, quis nostrum exercitationem ullam corporis suscipit laboriosam,
nisi ut aliquid ex ea commodi consequatur? Quis autem vel eum iure reprehenderit qui in ea voluptate velit esse quam nihil molestiae consequatur,
vel illum qui dolorem eum fugiat quo voluptas nulla pariatur?Homo homini lupus

laure@Laurenslaptop MINGW64 ~/IH-labs/lab-bash/lorem-copy (master)
$ ^[[200~
bash: $'\E[200~': command not found

laure@Laurenslaptop MINGW64 ~/IH-labs/lab-bash/lorem-copy (master)
$ ~head -3 sed.txt |
while read a; do
  echo $a;
done
bash: ~head: command not found

laure@Laurenslaptop MINGW64 ~/IH-labs/lab-bash/lorem-copy (master)
$ echo SHELL
SHELL

laure@Laurenslaptop MINGW64 ~/IH-labs/lab-bash/lorem-copy (master)
$ cat sed.txt | awk '{ printf("%s ", $2) }'
ut rem enim quia porro quia enim ut illum
laure@Laurenslaptop MINGW64 ~/IH-labs/lab-bash/lorem-copy (master)
$ cat sed.txt | awk '{ printf("%s ", $3) }'
perspiciatis aperiam, ipsam consequuntur quisquam non ad aliquid qui
laure@Laurenslaptop MINGW64 ~/IH-labs/lab-bash/lorem-copy (master)
$ echo "^[[200~
> ^C

laure@Laurenslaptop MINGW64 ~/IH-labs/lab-bash/lorem-copy (master)
$ tail -3 sed.txt
Ut enim ad minima veniam, quis nostrum exercitationem ullam corporis suscipit laboriosam,
nisi ut aliquid ex ea commodi consequatur? Quis autem vel eum iure reprehenderit qui in ea voluptate velit esse quam nihil molestiae consequatur,
vel illum qui dolorem eum fugiat quo voluptas nulla pariatur?Homo homini lupus

laure@Laurenslaptop MINGW64 ~/IH-labs/lab-bash/lorem-copy (master)
$ head -3 lorem-copy/sed.txt
head: cannot open 'lorem-copy/sed.txt' for reading: No such file or directory

laure@Laurenslaptop MINGW64 ~/IH-labs/lab-bash/lorem-copy (master)
$ head -3 lorem-copy sed.txt
head: cannot open 'lorem-copy' for reading: No such file or directory
==> sed.txt <==
Sed ut perspiciatis unde omnis iste natus error sit voluptatem accusantium doloremque laudantium,
totam rem aperiam, eaque ipsa quae ab illo inventore veritatis et quasi architecto beatae vitae dicta sunt explicabo.
Nemo enim ipsam voluptatem quia voluptas sit aspernatur aut odit aut fugit,

laure@Laurenslaptop MINGW64 ~/IH-labs/lab-bash/lorem-copy (master)
$

laure@Laurenslaptop MINGW64 ~/IH-labs/lab-bash/lorem-copy (master)
$ head -3 sed.txt
Sed ut perspiciatis unde omnis iste natus error sit voluptatem accusantium doloremque laudantium,
totam rem aperiam, eaque ipsa quae ab illo inventore veritatis et quasi architecto beatae vitae dicta sunt explicabo.
Nemo enim ipsam voluptatem quia voluptas sit aspernatur aut odit aut fugit,

laure@Laurenslaptop MINGW64 ~/IH-labs/lab-bash/lorem-copy (master)
$ tail -3 sed.txt
Ut enim ad minima veniam, quis nostrum exercitationem ullam corporis suscipit laboriosam,
nisi ut aliquid ex ea commodi consequatur? Quis autem vel eum iure reprehenderit qui in ea voluptate velit esse quam nihil molestiae consequatur,
vel illum qui dolorem eum fugiat quo voluptas nulla pariatur?Homo homini lupus

laure@Laurenslaptop MINGW64 ~/IH-labs/lab-bash/lorem-copy (master)
$ cd ..

laure@Laurenslaptop MINGW64 ~/IH-labs/lab-bash (master)
$ touch explanation.txt

laure@Laurenslaptop MINGW64 ~/IH-labs/lab-bash (master)
$ cd lorem-copy

laure@Laurenslaptop MINGW64 ~/IH-labs/lab-bash/lorem-copy (master)
$ ls
at.txt  at.txte  dummy_file.txt  lorem.txt  sed.txt

laure@Laurenslaptop MINGW64 ~/IH-labs/lab-bash/lorem-copy (master)
$ echo "homo homini lupus">>sed.txt

laure@Laurenslaptop MINGW64 ~/IH-labs/lab-bash/lorem-copy (master)
$ tail -3 sed.txt
nisi ut aliquid ex ea commodi consequatur? Quis autem vel eum iure reprehenderit qui in ea voluptate velit esse quam nihil molestiae consequatur,
vel illum qui dolorem eum fugiat quo voluptas nulla pariatur?Homo homini lupus
homo homini lupus

laure@Laurenslaptop MINGW64 ~/IH-labs/lab-bash/lorem-copy (master)
$ cd ..

laure@Laurenslaptop MINGW64 ~/IH-labs/lab-bash (master)
$ ls
exercices/  explanation.txt  firstday.txt  inputs/  lorem/  lorem-copy/  outputs/  readme.md

laure@Laurenslaptop MINGW64 ~/IH-labs/lab-bash (master)
$ cd lorem

laure@Laurenslaptop MINGW64 ~/IH-labs/lab-bash/lorem (master)
$ ls
at.txt  at.txte  lorem-copy  lorem.txt  sed.txt

laure@Laurenslaptop MINGW64 ~/IH-labs/lab-bash/lorem (master)
$ sed -i 's/et/ET/g' at.txt

laure@Laurenslaptop MINGW64 ~/IH-labs/lab-bash/lorem (master)
$ cat at.txt
At vero eos ET accusamus ET iusto odio dignissimos ducimus qui blanditiis praesentium voluptatum
deleniti atque corrupti quos dolores ET quas molestias excepturi sint occaecati cupiditate non
provident, similique sunt in culpa qui officia deserunt mollitia animi, id est laborum ET dolorum fuga.
Et harum quidem rerum facilis est ET expedita distinctio.
Nam libero tempore, cum soluta nobis est eligendi optio cumque nihil impedit quo minus id quod
maxime placeat facere possimus, omnis voluptas assumenda est, omnis dolor repellendus.
Temporibus autem quibusdam ET aut officiis debitis aut rerum necessitatibus saepe eveniET
ut ET voluptates repudiandae sint ET molestiae non recusandae.
Itaque earum rerum hic tenETur a sapiente delectus, ut aut reiciendis voluptatibus maiores
alias consequatur aut perferendis doloribus asperiores repellat

laure@Laurenslaptop MINGW64 ~/IH-labs/lab-bash/lorem (master)
$ whoami
laure

laure@Laurenslaptop MINGW64 ~/IH-labs/lab-bash/lorem (master)
$ pwd
/c/Users/laure/IH-labs/lab-bash/lorem

laure@Laurenslaptop MINGW64 ~/IH-labs/lab-bash/lorem (master)
$ ls .txt
ls: cannot access '.txt': No such file or directory

laure@Laurenslaptop MINGW64 ~/IH-labs/lab-bash/lorem (master)
$ ls txt
ls: cannot access 'txt': No such file or directory

laure@Laurenslaptop MINGW64 ~/IH-labs/lab-bash/lorem (master)
$ ls
at.txt  at.txte  lorem-copy  lorem.txt  sed.txt

laure@Laurenslaptop MINGW64 ~/IH-labs/lab-bash/lorem (master)
$ cat ,txt
cat: ,txt: No such file or directory

laure@Laurenslaptop MINGW64 ~/IH-labs/lab-bash/lorem (master)
$ ls *.txt
at.txt  lorem.txt  sed.txt

laure@Laurenslaptop MINGW64 ~/IH-labs/lab-bash/lorem (master)
$ cat sed.txt|wc
      9     131     900

laure@Laurenslaptop MINGW64 ~/IH-labs/lab-bash/lorem (master)
$ cat sed.txt|wc -l
9

laure@Laurenslaptop MINGW64 ~/IH-labs/lab-bash/lorem (master)
$ cat sed.txt|cat at.txt
At vero eos ET accusamus ET iusto odio dignissimos ducimus qui blanditiis praesentium voluptatum
deleniti atque corrupti quos dolores ET quas molestias excepturi sint occaecati cupiditate non
provident, similique sunt in culpa qui officia deserunt mollitia animi, id est laborum ET dolorum fuga.
Et harum quidem rerum facilis est ET expedita distinctio.
Nam libero tempore, cum soluta nobis est eligendi optio cumque nihil impedit quo minus id quod
maxime placeat facere possimus, omnis voluptas assumenda est, omnis dolor repellendus.
Temporibus autem quibusdam ET aut officiis debitis aut rerum necessitatibus saepe eveniET
ut ET voluptates repudiandae sint ET molestiae non recusandae.
Itaque earum rerum hic tenETur a sapiente delectus, ut aut reiciendis voluptatibus maiores
alias consequatur aut perferendis doloribus asperiores repellat

laure@Laurenslaptop MINGW64 ~/IH-labs/lab-bash/lorem (master)
$ cat sed.txt|cat at.txt|wc -l
10

laure@Laurenslaptop MINGW64 ~/IH-labs/lab-bash/lorem (master)
$ cat at.txt|wc -l
10

laure@Laurenslaptop MINGW64 ~/IH-labs/lab-bash/lorem (master)
$ cat at.txt sed.txt|wx -l
bash: wx: command not found

laure@Laurenslaptop MINGW64 ~/IH-labs/lab-bash/lorem (master)
$ cat at.txt sed.txt|wc -l
19

laure@Laurenslaptop MINGW64 ~/IH-labs/lab-bash/lorem (master)
$ cd ..

laure@Laurenslaptop MINGW64 ~/IH-labs/lab-bash (master)
$ ls
exercices/  explanation.txt  firstday.txt  inputs/  lorem/  lorem-copy/  outputs/  readme.md

laure@Laurenslaptop MINGW64 ~/IH-labs/lab-bash (master)
$ cd lorem

laure@Laurenslaptop MINGW64 ~/IH-labs/lab-bash/lorem (master)
$ ls
at.txt  at.txte  lorem-copy  lorem.txt  sed.txt

laure@Laurenslaptop MINGW64 ~/IH-labs/lab-bash/lorem (master)
$ ..
bash: ..: command not found

laure@Laurenslaptop MINGW64 ~/IH-labs/lab-bash/lorem (master)
$ cd ..

laure@Laurenslaptop MINGW64 ~/IH-labs/lab-bash (master)
$ ls|wc -l
8

laure@Laurenslaptop MINGW64 ~/IH-labs/lab-bash (master)
$ ls|wc -l *lorem
wc: lorem: Is a directory
0 lorem

laure@Laurenslaptop MINGW64 ~/IH-labs/lab-bash (master)
$ find / -name "lorem*" | wc -l
find: ‘/tmp/WinSAT’: Permission denied



laure@Laurenslaptop MINGW64 ~/IH-labs/lab-bash (master)
$ ls *lorem*|wc-l
bash: wc-l: command not found

laure@Laurenslaptop MINGW64 ~/IH-labs/lab-bash (master)
$ ls *lorem* |wc-l
bash: wc-l: command not found

laure@Laurenslaptop MINGW64 ~/IH-labs/lab-bash (master)
$ ls -1 *lorem* |wc-l
bash: wc-l: command not found

laure@Laurenslaptop MINGW64 ~/IH-labs/lab-bash (master)
$ ls -1 *lorem* |wc-l
bash: wc-l: command not found

laure@Laurenslaptop MINGW64 ~/IH-labs/lab-bash (master)
$ ls -1 *lorem* |wc-l
bash: wc-l: command not found

laure@Laurenslaptop MINGW64 ~/IH-labs/lab-bash (master)
$ ls *lorem* |wc-l
bash: wc-l: command not found

laure@Laurenslaptop MINGW64 ~/IH-labs/lab-bash (master)
$ ls *lorem |wc-l
bash: wc-l: command not found

laure@Laurenslaptop MINGW64 ~/IH-labs/lab-bash (master)
$ ls /lorem | wc -l
ls: cannot access '/lorem': No such file or directory
0

laure@Laurenslaptop MINGW64 ~/IH-labs/lab-bash (master)
$ ls /*lorem | wc -l
ls: cannot access '/*lorem': No such file or directory
0

laure@Laurenslaptop MINGW64 ~/IH-labs/lab-bash (master)
$ ls /*lorem* | wc -l
ls: cannot access '/*lorem*': No such file or directory
0

laure@Laurenslaptop MINGW64 ~/IH-labs/lab-bash (master)
$ ls /lorem.* | wc -l
ls: cannot access '/lorem.*': No such file or directory
0

laure@Laurenslaptop MINGW64 ~/IH-labs/lab-bash (master)
$ ls lorem.* | wc -l
ls: cannot access 'lorem.*': No such file or directory
0

laure@Laurenslaptop MINGW64 ~/IH-labs/lab-bash (master)
$ read var1


laure@Laurenslaptop MINGW64 ~/IH-labs/lab-bash (master)
$ print var1
Unable to initialize device PRN

laure@Laurenslaptop MINGW64 ~/IH-labs/lab-bash (master)
$ cat var1
cat: var1: No such file or directory

laure@Laurenslaptop MINGW64 ~/IH-labs/lab-bash (master)
$ read
